// Jest Snapshot v1, https://goo.gl/fbAQLP

exports[`VOperationsTimelineItem renders the component correctly 1`] = `
<div class="timeline-item">
  <div class="timeline-item__header">
    <div class="type">

    </div>
    <div class="date">
      <vuecomponent-stub auto-update="60"></vuecomponent-stub>
    </div>
  </div>
  <div class="timeline-item__content">
    <div><strong>:</strong>

    </div>
    <i class="material-icons more-information">
      unfold_more
    </i>
  </div>
</div>
`;
